// Jest Snapshot v1, https://goo.gl/fbAQLP

exports[`Charity page status:  If the <Charity /> component has been updated. 1`] = `
<div
  className="mainDiv"
>
  <div>
    <div
      className="NavBar"
    >
      <div
        className="NavBarItems"
      >
        <li
          className=""
          onMouseLeave={[Function]}
          onMouseOver={[Function]}
        >
          <a
            className="mainMenuElement"
            href="/"
          >
            Home
          </a>
          <div
            className="subMenu-hidden"
          />
        </li>
        <li
          className=""
          onMouseLeave={[Function]}
          onMouseOver={[Function]}
        >
          <span
            className="mainMenuElement"
          >
            Infrastructure
          </span>
          <div
            className="subMenu-hidden"
          >
            <a
              className=""
              data-id={0}
              href="/Food/"
              onMouseLeave={[Function]}
              onMouseOver={[Function]}
            >
              Food
            </a>
            <a
              className=""
              data-id={1}
              href="/Charity/"
              onMouseLeave={[Function]}
              onMouseOver={[Function]}
            >
              Charities
            </a>
            <a
              className=""
              data-id={2}
              href="/Accommodation/"
              onMouseLeave={[Function]}
              onMouseOver={[Function]}
            >
              Accommodation
            </a>
          </div>
        </li>
        <li
          className=""
          onMouseLeave={[Function]}
          onMouseOver={[Function]}
        >
          <span
            className="mainMenuElement"
          >
            Contact
          </span>
          <div
            className="subMenu-hidden"
          >
            <a
              className=""
              data-id={0}
              href="https://www.facebook.com/avas.angels.739"
              onMouseLeave={[Function]}
              onMouseOver={[Function]}
              rel="noopener noreferrer"
              target="_blank"
            >
              Facebook
            </a>
            <a
              className=""
              data-id={1}
              href="https://twitter.com/AvasAngels_com"
              onMouseLeave={[Function]}
              onMouseOver={[Function]}
              rel="noopener noreferrer"
              target="_blank"
            >
              Twitter
            </a>
            <a
              className=""
              data-id={2}
              href="https://www.instagram.com/avasangelscharity/"
              onMouseLeave={[Function]}
              onMouseOver={[Function]}
              rel="noopener noreferrer"
              target="_blank"
            >
              Instagram
            </a>
            <a
              className=""
              data-id={3}
              href="https://www.linkedin.com/in/avas-angels-1519a2160/"
              onMouseLeave={[Function]}
              onMouseOver={[Function]}
              rel="noopener noreferrer"
              target="_blank"
            >
              LinkedIn
            </a>
            <a
              className=""
              data-id={4}
              href="/Contact/"
              onMouseLeave={[Function]}
              onMouseOver={[Function]}
            >
              Leave Contact Info
            </a>
          </div>
        </li>
        <li
          className=""
          onMouseLeave={[Function]}
          onMouseOver={[Function]}
        >
          <span
            className="mainMenuElement"
          >
            Get Involved
          </span>
          <div
            className="subMenu-hidden"
          >
            <a
              className=""
              data-id={0}
              href="https://www.paypal.com/fundraiser/112574636177901026/charity/3575409"
              onMouseLeave={[Function]}
              onMouseOver={[Function]}
              rel="noopener noreferrer"
              target="_blank"
            >
              Donate
            </a>
            <a
              className=""
              data-id={1}
              href="https://www.avas-angels.com/getinvolved.html"
              onMouseLeave={[Function]}
              onMouseOver={[Function]}
              rel="noopener noreferrer"
              target="_blank"
            >
              Volunteers
            </a>
            <a
              className=""
              data-id={2}
              href="https://www.avas-angels.com/getinvolved.html"
              onMouseLeave={[Function]}
              onMouseOver={[Function]}
              rel="noopener noreferrer"
              target="_blank"
            >
              Supporters
            </a>
            <a
              className=""
              data-id={3}
              href="https://www.avas-angels.com/getinvolved.html"
              onMouseLeave={[Function]}
              onMouseOver={[Function]}
              rel="noopener noreferrer"
              target="_blank"
            >
              Sponsors
            </a>
            <a
              className=""
              data-id={4}
              href="/Feedback/"
              onMouseLeave={[Function]}
              onMouseOver={[Function]}
            >
              FeedBack
            </a>
          </div>
        </li>
        <li
          className=""
          onMouseLeave={[Function]}
          onMouseOver={[Function]}
        >
          <span
            className="mainMenuElement"
          >
            More on Ava's Angels
          </span>
          <div
            className="subMenu-hidden"
          >
            <a
              className=""
              data-id={0}
              href="/About/"
              onMouseLeave={[Function]}
              onMouseOver={[Function]}
            >
              About Ava's Angels
            </a>
            <a
              className=""
              data-id={1}
              href="https://www.avas-angels.com/difference.html"
              onMouseLeave={[Function]}
              onMouseOver={[Function]}
              rel="noopener noreferrer"
              target="_blank"
            >
              How we make a difference
            </a>
            <a
              className=""
              data-id={2}
              href="https://www.avas-angels.com/supporters.html"
              onMouseLeave={[Function]}
              onMouseOver={[Function]}
              rel="noopener noreferrer"
              target="_blank"
            >
              Proud Supporters
            </a>
            <a
              className=""
              data-id={3}
              href="https://www.avas-angels.com/shop.html"
              onMouseLeave={[Function]}
              onMouseOver={[Function]}
              rel="noopener noreferrer"
              target="_blank"
            >
              Shop
            </a>
            <a
              className=""
              data-id={4}
              href="https://www.avas-angels.com/news.html"
              onMouseLeave={[Function]}
              onMouseOver={[Function]}
              rel="noopener noreferrer"
              target="_blank"
            >
              News/Press
            </a>
          </div>
        </li>
      </div>
    </div>
    <img
      alt="Ava's Angel"
      className="Logo"
      src="https://www.avas-angels.com/images/HiResLogo.png"
    />
  </div>
  <p
    className="banner"
  >
     
    Below are a selection of local charities with links to their webpages
     
  </p>
  <div>
    <div
      className="contentContainer"
    >
      <img
        alt="Upon pressing, you move backwards through the eateries."
        className="swipeLeft"
        onClick={[Function]}
        src="swipeLeft.png"
      />
      <img
        alt="Upon pressing, you move forwards through the eateries."
        className="swipeRight"
        onClick={[Function]}
        src="swipeRight.png"
      />
      <img
        alt=""
        className="picture"
        src=""
      />
      <b>
        <p
          className="title"
        >
          Name
        </p>
      </b>
      <p
        className="content"
        id="titleID"
      >
        
      </p>
      <b>
        <p
          className="title"
        >
          Phone
        </p>
      </b>
      <p
        className="content"
        id="phoneID"
      >
        
      </p>
      <b>
        <p
          className="title"
        >
          Email
        </p>
      </b>
      <p
        className="content"
        id="emailID"
      >
        
      </p>
      <b>
        <p
          className="title"
        >
          Introduction
        </p>
      </b>
      <p
        className="content"
        id="introductionID"
      >
        
      </p>
      <b>
        <p
          className="title"
        >
          Weblink
        </p>
      </b>
      <a
        href=""
      >
        <p
          className="content"
          id="weblinkID"
        >
          
        </p>
      </a>
    </div>
  </div>
  <div
    className="footerMain"
  >
    <p
      className="banner"
    >
       Get Involved: 
    </p>
    <div
      align="center"
    >
      <button
        className="getInvolvedButton"
        onClick={[Function]}
      >
        Become Part Of Ava's Angels
      </button>
    </div>
    <button
      className="donate"
      onClick={[Function]}
    />
    <div
      className="SocialButtons"
    >
      <button
        className="butt fb-butt"
        onClick={[Function]}
      />
      <button
        className="butt tw-butt"
        onClick={[Function]}
      />
      <button
        className="butt ins-butt"
        onClick={[Function]}
      />
      <button
        className="butt li-butt"
        onClick={[Function]}
      />
      <button
        className="butt feed-butt"
        onClick={[Function]}
      />
    </div>
    <div
      className="furtherInfo"
    >
      | 
      <a
        href="https://www.google.com"
      >
         FAQ 
      </a>
       | 
      <a
        href="https://www.google.com"
      >
         Terms of Use 
      </a>
       |
      <a
        href="https://www.google.com"
      >
         Privacy 
      </a>
       |
      <a
        href="https://www.google.com"
      >
         Contact 
      </a>
       |
    </div>
    <div
      className="copyRight"
    >
      <p>
        © Copyright 2019-2020. Designed and powered by Ali S., Lawrence W., Shan W.Z., Benjamin S., Chen Y.T. and Zhang J.H. All Rights Reserved.
         
      </p>
    </div>
  </div>
</div>
`;
