// Jest Snapshot v1, https://goo.gl/fbAQLP

exports[`Food Page renders: Without failing 1`] = `
<div
  className="mainDiv"
>
  <div>
    <div
      className="NavBar"
    >
      <a
        href="/"
        onClick={[Function]}
      >
        <button
          className="Home"
        >
          test
        </button>
      </a>
      <img
        alt="Ava's Angel"
        className="Logo"
        src="HiResLogo.png"
      />
    </div>
    <div
      className="blankSpace "
    />
    <header />
  </div>
   
  <p
    className="banner"
  >
     Eateries around the hospital 
  </p>
  <div>
    <div
      className="contentContainer"
    >
      <img
        className="swipeLeft"
        onClick={[Function]}
        src="swipeLeft.png"
      />
      <img
        className="swipeRight"
        onClick={[Function]}
        src="swipeRight.png"
      />
      <img
        alt=""
        className="picture"
        src="connectionFail.png"
      />
      <b>
        <p
          className="title"
        >
          Name
        </p>
      </b>
      <p
        className="content"
      >
        
      </p>
      <b>
        <p
          className="title"
        >
          Address
        </p>
      </b>
      <p
        className="content"
      >
        
      </p>
      <b>
        <p
          className="title"
        >
          Type
        </p>
      </b>
      <p
        className="content"
      >
        
      </p>
      <b>
        <p
          className="title"
        >
          Price
        </p>
      </b>
      <p
        className="content"
      >
        
      </p>
      <b>
        <p
          className="title"
        >
          External Link
        </p>
      </b>
      <a
        href=""
      >
        <p
          className="content"
        >
          
        </p>
      </a>
    </div>
  </div>
  <div
    className="footerMain"
  >
    <p
      className="banner"
    >
       Get Involved: 
    </p>
    <div
      align="center"
    >
      <button
        className="MuiButtonBase-root MuiButton-root WithStyles(ForwardRef(Button))-root-1 MuiButton-contained MuiButton-containedPrimary"
        disabled={false}
        onBlur={[Function]}
        onClick={[Function]}
        onDragLeave={[Function]}
        onFocus={[Function]}
        onKeyDown={[Function]}
        onKeyUp={[Function]}
        onMouseDown={[Function]}
        onMouseLeave={[Function]}
        onMouseUp={[Function]}
        onTouchEnd={[Function]}
        onTouchMove={[Function]}
        onTouchStart={[Function]}
        tabIndex={0}
        type="button"
      >
        <span
          className="MuiButton-label"
        >
          Become Part Of Ava's Angels
        </span>
      </button>
    </div>
    <button
      className="donate"
      onClick={[Function]}
    />
    <div
      className="SocialButtons"
    >
      <button
        className="butt fb-butt"
        onClick={[Function]}
      />
      <button
        className="butt tw-butt"
        onClick={[Function]}
      />
      <button
        className="butt ins-butt"
        onClick={[Function]}
      />
      <button
        className="butt li-butt"
        onClick={[Function]}
      />
      <button
        className="butt feed-butt"
        onClick={[Function]}
      />
    </div>
    <div
      className="furtherInfo"
    >
      | 
      <a
        href="https://www.google.com"
      >
         FAQ 
      </a>
       | 
      <a
        href="https://www.google.com"
      >
         Terms of Use 
      </a>
       |
      <a
        href="https://www.google.com"
      >
         Privacy 
      </a>
       |
      <a
        href="https://www.google.com"
      >
         Contact 
      </a>
       |
    </div>
    <div
      className="copyRight"
    >
      <p>
        © Copyright 2019-2020. Designed and powered by Ali S., Lawrence W., Shan W.Z., Benjamin S., Chen Y.T. and Zhang J.H. All Rights Reserved.
         
      </p>
    </div>
  </div>
   
</div>
`;
